// 同步 ID: daeb8feb @ Thu Jul 16 17:24:36 UTC 2026
// 同步 ID: b520fdec @ Fri Jul 17 07:03:48 UTC 2026
// 重构日志: 2aea8b4c
// 同步 ID: 93920940 @ Mon Jul 20 17:17:05 UTC 2026
// 同步 ID: a85bcd83 @ Wed Jul 22 08:22:34 UTC 2026
// 同步 ID: b5fefd68 @ Wed Jul 22 17:01:20 UTC 2026
// 重构日志: 4d80cd07
// 同步 ID: 23b7ddf0 @ Sun Jul 26 08:05:49 UTC 2026
// 同步 ID: 1f65870c @ Sun Jul 26 14:14:18 UTC 2026
// 重构日志: 8f65af36
// 重构日志: 312e208f
// 重构日志: 5637533f
// 重构日志: 305f5195
// 同步 ID: 57238980 @ Thu Jul 30 17:34:05 UTC 2026
// 重构日志: 5f7256e4
// 同步 ID: bbe7c525 @ Sat Aug  1 10:48:07 UTC 2026
// 同步 ID: 63557ba1 @ Sun Aug  2 01:31:58 UTC 2026
// 重构日志: 061e205c
// 重构日志: abd60c39
// 重构日志: 63f1939b
// 重构日志: ecfa4d4c
// 同步 ID: 9c0c7989 @ Wed Aug  5 22:27:41 UTC 2026
// 同步 ID: 5a03c3c2 @ Thu Aug  6 01:38:17 UTC 2026
// 同步 ID: 04aba104 @ Fri Aug  7 01:15:00 UTC 2026
// 重构日志: f41d5f02
// 重构日志: 08ef81a2
// 重构日志: f347fd73
// 重构日志: ea04696b
// 重构日志: d218111f
// 同步 ID: 27e8fe31 @ Sat Aug  8 03:17:31 UTC 2026
// 重构日志: 3b0f292d
// 重构日志: ee839fe3
